Turbo Assembler	 Version 4.1	    02/09/16 13:27:20	    Page 1
lab1c.asm



      1				     ;PROGRAM 3	OF LAB 1
      2				     ;FILENAME:	Lab1c.asm
      3				     ;FILE FORMAT: EXE
      4
      5	0000			     .MODEL MEDIUM
      6
      7	0000			     .STACK 100H
      8
      9	0000			     .DATA
     10	0000  45 43 45 33 32 31	30+	     MESSAGE DB	'ECE3210LAB1',0DH,0AH
     11	      4C 41 42 31 0D 0A
     12	000D  45 4E 54 45 52 20	41+		     DB	'ENTER A CHARACTER FROM	KEYBORD: $'
     13	      20 43 48 41 52 41	43+
     14	      54 45 52 20 46 52	4F+
     15	      4D 20 4B 45 59 42	4F+
     16	      52 44 3A 20 24
     17	002E  0D 0A 54 48 45 20	43+	     OUTMSG  DB	0DH,0AH,'THE CHARACTER YOU JUST	ENTERED	IS: $'
     18	      48 41 52 41 43 54	45+
     19	      52 20 59 4F 55 20	4A+
     20	      55 53 54 20 45 4E	54+
     21	      45 52 45 44 20 49	53+
     22	      3A 20 24
     23	0054  ??			     INCHAR  DB	?
     24	0055  0D 0A 24			     NEWLINE DB	0DH,0AH,'$'
     25
     26	0058			     .CODE
     27					     .STARTUP			     ;INITIALIZE THE PROGRAM
1    28	0000			     @Startup:
1    29	0000  BA 0000s			     MOV     DX,@data
1    30	0003  8E DA			     MOV     DS,DX
1    31	0005  8C D3			     MOV     BX,SS
1    32	0007  2B DA			     SUB     BX,DX
1    33	0009  D1 E3 D1 E3 D1 E3	D1+	     SHL     BX,4
     34	      E3
1    35	0011  FA			     CLI
1    36	0012  8E D2			     MOV     SS,DX
1    37	0014  03 E3			     ADD     SP,BX
1    38	0016  FB			     STI
     39	0017				     MAIN PROC FAR
     40	0017  BA 0000r		     LEA     DX,MESSAGE	     ;PRINT MESSAGE
     41	001A  B4 09		     MOV     AH,9
     42	001C  CD 21		     INT     21H
     43	001E  B4 01		     MOV     AH,1	     ;READ A CHARACTER FROM KEYBOARD
     44	0020  CD 21		     INT     21H
     45	0022  A2 0054r		     MOV     INCHAR,AL
     46	0025  BA 002Er		     LEA     DX,OUTMSG	     ;PRINT A MESSAGE
     47	0028  B4 09		     MOV     AH,9
     48	002A  CD 21		     INT     21H
     49	002C  8A 16 0054r	     MOV     DL,INCHAR	     ;OUTPUT A CHARACTER TO THE	SCREEN
     50	0030  B4 02		     MOV     AH,2
     51	0032  CD 21		     INT     21H
     52	0034  BA 0055r		     MOV     DX,OFFSET NEWLINE
     53	0037  B4 09		     MOV     AH,9	     ;MOVE CURSOR TO NEXT LINE
     54	0039  CD 21		     INT     21H
     55				     .EXIT
1    56	003B  B4 4C			     MOV     AH,4Ch
1    57	003D  CD 21			     INT     21h
Turbo Assembler	 Version 4.1	    02/09/16 13:27:20	    Page 2
lab1c.asm



     58	003F				     MAIN ENDP
     59				     END
Turbo Assembler	 Version 4.1	    02/09/16 13:27:20	    Page 3
Symbol Table




Symbol Name			  Type	 Value

??DATE				  Text	 "02/09/16"
??FILENAME			  Text	 "lab1c	  "
??TIME				  Text	 "13:27:20"
??VERSION			  Number 040A
@32BIT				  Text	 0
@CODE				  Text	 LAB1C_TEXT
@CODESIZE			  Text	 1
@CPU				  Text	 0101H
@CURSEG				  Text	 LAB1C_TEXT
@DATA				  Text	 DGROUP
@DATASIZE			  Text	 0
@FILENAME			  Text	 LAB1C
@INTERFACE			  Text	 000H
@MODEL				  Text	 4
@STACK				  Text	 DGROUP
@STARTUP			  Near	 LAB1C_TEXT:0000
@WORDSIZE			  Text	 2
INCHAR				  Byte	 DGROUP:0054
MAIN				  Far	 LAB1C_TEXT:0017
MESSAGE				  Byte	 DGROUP:0000
NEWLINE				  Byte	 DGROUP:0055
OUTMSG				  Byte	 DGROUP:002E

Groups & Segments		  Bit Size Align  Combine Class

DGROUP				  Group
  STACK				  16  0100 Para	  Stack	  STACK
  _DATA				  16  0058 Word	  Public  DATA
LAB1C_TEXT			  16  003F Word	  Public  CODE
